// Jest Snapshot v1, https://goo.gl/fbAQLP

exports[`Pruebas en el <LoginScreen /> Debe mostrarse correctamente 1`] = `
<div
  className="container mt-5 border border-secondary p-5 rounded-pill"
>
  <h1>
    Login
  </h1>
  <hr />
  <button
    className="btn btn-outline-primary"
    onClick={[Function]}
  >
    Login
  </button>
</div>
`;
