// Jest Snapshot v1, https://goo.gl/fbAQLP

exports[`Pruebas en el componente <MarvelScreen /> Debe de mostrarse correctamente 1`] = `
<div>
  <h1
    className="animate__animated animate__hinge"
  >
    MarvelScreen
  </h1>
  <hr />
  <HeroList
    publisher="Marvel Comics"
  />
</div>
`;
